// Jest Snapshot v1, https://goo.gl/fbAQLP

exports[`expect to render MainPage component without crashing 1`] = `
"<div className=\\"App tc\\">
  <h1 className=\\"f1\\">
    RoboFriends
  </h1>
  <SearchBox searchChange={[undefined]} />
  <Scroll>
    <ErrorBoundary>
      <CardList robots={{...}} />
    </ErrorBoundary>
  </Scroll>
</div>"
`;
